// Jest Snapshot v1, https://goo.gl/fbAQLP

exports[`Tests in DeleteEventFAB component Should display DeleteEventFAB component correctly 1`] = `
<button
  className="btn btn-danger fab-danger"
  onClick={[Function]}
>
  <i
    className="fas fa-trash"
  />
  <span>
     Delete event
  </span>
</button>
`;
